// Jest Snapshot v1, https://goo.gl/fbAQLP

exports[`signature has the correct identity 1`] = `
Ed25519PublicKey {
  "_bytes": undefined,
  "publicKey": Uint8Array [
    5,
    149,
    176,
    13,
    66,
    29,
    75,
    143,
    214,
    180,
    65,
    225,
    86,
    4,
    119,
    164,
    133,
    242,
    216,
    14,
    93,
    209,
    61,
    169,
    189,
    187,
    11,
    119,
    123,
    38,
    85,
    62,
  ],
}
`;
